{"level":"info","msg":"job issueops-agent-401-195e80ee started"}
ISSUEOPS_RESULT_BEGIN
eyJzdGF0dXMiOiJjb21wbGV0ZWQiLCJkZWxpdmVyYWJsZSI6IiMgUnVuYm9vazogemVyby1kb3du
dGltZSBBS1Mgbm9kZS1wb29sIHVwZ3JhZGUgdG8gS3ViZXJuZXRlcyAxLjMwXG5cbioqQXVkaWVu
Y2U6KiogcGxhdGZvcm0gU1JFIG9uLWNhbGwgwrcgKipDbHVzdGVyOioqIGBha3MtY29vbGVuZy1w
cm9kLWV1czJgIChyZXNvdXJjZSBncm91cCBgcmctY29vbGVuZy1ha3MtcHJvZGApIMK3ICoqQ2hh
bmdlIHdpbmRvdzoqKiBUdWVzZGF5cyAxNDowMOKAkzE3OjAwIFVUQ1xuXG4jIyAxLiBQcmUtY2hl
Y2tzIChULTEgZGF5KVxuXG5gYGBiYXNoXG5heiBha3MgZ2V0LXVwZ3JhZGVzIC1nIHJnLWNvb2xl
bmctYWtzLXByb2QgLW4gYWtzLWNvb2xlbmctcHJvZC1ldXMyIC1vIHRhYmxlXG5rdWJlY3RsIHZl
cnNpb24gICAgICAgICAgICAjIGNsaWVudCB2MS4zMC54XG5rdWJlY3RsIGdldCBub2RlcyAtbyB3
aWRlXG5rdWJlY3RsIGdldCBwZGIgLUEgICAgICAgICAjIGV2ZXJ5IG11bHRpLXJlcGxpY2Egd29y
a2xvYWQgbXVzdCBoYXZlIGEgUERCIHdpdGggbWF4VW5hdmFpbGFibGUgXHUwMDNlPSAxXG5rdWJl
Y3RsIGdldCBwb2RzIC1BIC0tZmllbGQtc2VsZWN0b3I9c3RhdHVzLnBoYXNlIT1SdW5uaW5nLHN0
YXR1cy5waGFzZSE9U3VjY2VlZGVkXG5gYGBcblxuLSBDb25maXJtIG5vIGRlcHJlY2F0ZWQgQVBJ
cyBhcmUgaW4gdXNlIChyZXZpZXcgdGhlIEFLUyB1cGdyYWRlIGluc2lnaHRzIGZvciB0aGUgY2x1
c3Rlciwgb3IgYGt1YmVjdGwgZ2V0IC0tcmF3IC9tZXRyaWNzIHwgZ3JlcCBhcGlzZXJ2ZXJfcmVx
dWVzdGVkX2RlcHJlY2F0ZWRfYXBpc2ApLlxuLSBDb25maXJtIHRoZSBldGNkL2NsdXN0ZXItc3Rh
dGUgYmFja3VwIGNvbXBsZXRlZCAoVmVsZXJvIHNjaGVkdWxlIGBkYWlseS1jbHVzdGVyYCwgc2Vl
IGFuc3dlciBBNykuXG5cbiMjIDIuIFVwZ3JhZGUgdGhlIGNvbnRyb2wgcGxhbmUgb25seVxuXG5g
YGBiYXNoXG5heiBha3MgdXBncmFkZSAtZyByZy1jb29sZW5nLWFrcy1wcm9kIC1uIGFrcy1jb29s
ZW5nLXByb2QtZXVzMiBcXFxuICAtLWt1YmVybmV0ZXMtdmVyc2lvbiAxLjMwLnggLS1jb250cm9s
LXBsYW5lLW9ubHkgLS15ZXNcbmBgYFxuXG4jIyAzLiBVcGdyYWRlIG5vZGUgcG9vbHMgd2l0aCBz
dXJnZSBhbmQgZHJhaW4gbGltaXRzXG5cbmBgYGJhc2hcbmF6IGFrcyBub2RlcG9vbCB1cGRhdGUg
LWcgcmctY29vbGVuZy1ha3MtcHJvZCAtLWNsdXN0ZXItbmFtZSBha3MtY29vbGVuZy1wcm9kLWV1
czIgXFxcbiAgLW4gdXNlcnBvb2wxIC0tbWF4LXN1cmdlIDMzJSAtLWRyYWluLXRpbWVvdXQgNDVc
bmF6IGFrcyBub2RlcG9vbCB1cGdyYWRlIC1nIHJnLWNvb2xlbmctYWtzLXByb2QgLS1jbHVzdGVy
LW5hbWUgYWtzLWNvb2xlbmctcHJvZC1ldXMyIFxcXG4gIC1uIHVzZXJwb29sMSAtLWt1YmVybmV0
ZXMtdmVyc2lvbiAxLjMwLnggLS15ZXNcbmBgYFxuXG5XYXRjaCBpbiBhIHNlY29uZCB0ZXJtaW5h
bDpcblxuYGBgYmFzaFxua3ViZWN0bCBnZXQgbm9kZXMgLUwga3ViZXJuZXRlcy5henVyZS5jb20v
YWdlbnRwb29sIC13XG5rdWJlY3RsIGdldCBldmVudHMgLUEgLS1maWVsZC1zZWxlY3RvciByZWFz
b249RXZpY3RlZCAtd1xuYGBgXG5cbiMjIDQuIFN0dWNrIGRyYWluXG5cbklmIGEgbm9kZSBzdGF5
cyBgU2NoZWR1bGluZ0Rpc2FibGVkYCBiZXlvbmQgdGhlIGRyYWluIHRpbWVvdXQsIGZpbmQgdGhl
IGJsb2NraW5nIFBEQjpcblxuYGBgYmFzaFxua3ViZWN0bCBnZXQgcGRiIC1BIC1vIGN1c3RvbS1j
b2x1bW5zPU5TOi5tZXRhZGF0YS5uYW1lc3BhY2UsTkFNRToubWV0YWRhdGEubmFtZSxBTExPV0VE
Oi5zdGF0dXMuZGlzcnVwdGlvbnNBbGxvd2VkXG5gYGBcblxuU2NhbGUgdGhlIG93bmluZyB3b3Jr
bG9hZCB1cCBieSBvbmUgcmVwbGljYSByYXRoZXIgdGhhbiBkZWxldGluZyB0aGUgUERCLlxuXG4j
IyA1LiBSb2xsYmFja1xuXG5BS1MgZG9lcyBub3QgZG93bmdyYWRlIG5vZGUgcG9vbHMuIFJvbGwg
YmFjayBieSBjcmVhdGluZyBhIG5ldyBub2RlIHBvb2wgb24gdGhlIHByZXZpb3VzIHZlcnNpb24s
IGNvcmRvbmluZyB0aGUgdXBncmFkZWQgcG9vbCBhbmQgZHJhaW5pbmcgaXQgKGBrdWJlY3RsIGNv
cmRvbmAsIGBrdWJlY3RsIGRyYWluIC0taWdub3JlLWRhZW1vbnNldHMgLS1kZWxldGUtZW1wdHlk
aXItZGF0YWApLlxuXG4jIyA2LiBQb3N0LWNoZWNrc1xuXG5ga3ViZWN0bCBnZXQgbm9kZXNgIHNo
b3dzIHYxLjMwLnggZXZlcnl3aGVyZTsgR3JhZmFuYSAqKkt1YmVybmV0ZXMgLyBDbHVzdGVyKiog
ZGFzaGJvYXJkIGVycm9yIHJhdGUgYW5kIHA5NSBsYXRlbmN5IHdpdGhpbiAxMCUgb2YgdGhlIHBy
ZXZpb3VzIHdlZWsuXG4iLCJjcml0aXF1ZSI6IkZpbmFsIGNyaXRpcXVlOiBhbGwgZm91ciBhY2Nl
cHRhbmNlIGNyaXRlcmlhIG1ldDsgY29tbWFuZHMgdmVyaWZpZWQgYWdhaW5zdCBheiBha3MgYW5k
IGt1YmVjdGwgMS4zMCBzeW50YXg7IHJvbGxiYWNrIHNlY3Rpb24gcHJlc2VudC4iLCJpdGVyYXRp
b25zIjozLCJtb2RlbCI6ImdwdC00LjEtYWdlbnRzIiwidXNhZ2UiOnsicHJvbXB0X3Rva2VucyI6
MTg0NTAsImNvbXBsZXRpb25fdG9rZW5zIjozOTIwLCJyZXF1ZXN0cyI6Nn19
ISSUEOPS_RESULT_END
